$ z3 01-simple/simple-1-01_unsat.smt2
sat

real	0m0.024s
user	0m0.017s
sys	0m0.004s

$ z3 01-simple/simple-2-04_recursive_unsat.smt2
sat

real	0m0.462s
user	0m0.451s
sys	0m0.008s

$ z3 01-simple/simple-3-05_recursive_sat.smt2
unsat

real	0m0.015s
user	0m0.010s
sys	0m0.002s

$ z3 01-simple/simple-4-06_loop_unsat.smt2
timeout

real	0m3.010s
user	0m2.988s
sys	0m0.014s

$ z3 01-simple/simple-5-hhk2008.smt2
timeout

real	0m3.006s
user	0m2.983s
sys	0m0.016s

$ z3 01-simple/simple-6-unique_scalar.smt2
unsat

real	0m0.009s
user	0m0.006s
sys	0m0.002s

$ z3 02-bmc/bmc-1-test-bmc-1-safe.smt2
sat

real	0m0.153s
user	0m0.143s
sys	0m0.007s

$ z3 02-bmc/bmc-1-test-bmc-1-unsafe.smt2
unsat

real	0m0.145s
user	0m0.134s
sys	0m0.008s

$ z3 02-bmc/bmc-2-test-bmc-2-safe.smt2
timeout

real	0m3.008s
user	0m2.982s
sys	0m0.019s

$ z3 02-bmc/bmc-2-test-bmc-2-unsafe.smt2
unsat

real	0m0.026s
user	0m0.021s
sys	0m0.003s

$ z3 02-bmc/bmc-3-test-bmc-3-safe.smt2
sat

real	0m0.050s
user	0m0.043s
sys	0m0.005s

$ z3 02-bmc/bmc-3-test-bmc-3-unsafe.smt2
unsat

real	0m0.042s
user	0m0.036s
sys	0m0.004s

$ z3 02-bmc/bmc-4-test-bmc-diamond-1-safe.smt2
sat

real	0m0.054s
user	0m0.046s
sys	0m0.006s

$ z3 02-bmc/bmc-4-test-bmc-diamond-1-unsafe.smt2
unsat

real	0m0.044s
user	0m0.037s
sys	0m0.004s

$ z3 02-bmc/bmc-5-test-bmc-diamond-2-safe.smt2
sat

real	0m0.179s
user	0m0.165s
sys	0m0.011s

$ z3 02-bmc/bmc-5-test-bmc-diamond-2-unsafe.smt2
unsat

real	0m0.051s
user	0m0.043s
sys	0m0.005s

$ z3 03-prusti/prusti-1-pass-rosetta-Ackermann_function-base.smt2
sat

real	0m0.016s
user	0m0.011s
sys	0m0.002s

$ z3 03-prusti/prusti-2-pass-rosetta-Ackermann_function-same.smt2
timeout

real	0m3.007s
user	0m2.950s
sys	0m0.045s

$ z3 03-prusti/prusti-3-pass-paper_examples-points-compress.smt2
sat

real	0m0.011s
user	0m0.007s
sys	0m0.003s

$ z3 03-prusti/prusti-4-pass-paper_examples-borrows_align.smt2
sat

real	0m0.009s
user	0m0.005s
sys	0m0.002s

$ z3 03-prusti/prusti-5-pass-demos-account.smt2
sat

real	0m0.010s
user	0m0.007s
sys	0m0.002s

$ z3 03-prusti/prusti-6-fail-demos-account_error_1.smt2
unsat

real	0m0.011s
user	0m0.007s
sys	0m0.002s

$ z3 03-prusti/prusti-7-pass-mut_borrows-restore.smt2
sat

real	0m0.010s
user	0m0.007s
sys	0m0.002s

$ z3 04-inc-max/inc-max-1-base-safe.smt2
sat

real	0m0.008s
user	0m0.005s
sys	0m0.002s

$ z3 04-inc-max/inc-max-1-base-unsafe.smt2
unsat

real	0m0.010s
user	0m0.006s
sys	0m0.003s

$ z3 04-inc-max/inc-max-2-base3-safe.smt2
sat

real	0m0.028s
user	0m0.024s
sys	0m0.003s

$ z3 04-inc-max/inc-max-2-base3-unsafe.smt2
unsat

real	0m0.019s
user	0m0.014s
sys	0m0.003s

$ z3 04-inc-max/inc-max-3-repeat-safe.smt2
sat

real	0m0.086s
user	0m0.080s
sys	0m0.003s

$ z3 04-inc-max/inc-max-3-repeat-unsafe.smt2
unsat

real	0m0.014s
user	0m0.009s
sys	0m0.003s

$ z3 04-inc-max/inc-max-4-repeat3-safe.smt2
sat

real	0m0.200s
user	0m0.192s
sys	0m0.006s

$ z3 04-inc-max/inc-max-4-repeat3-unsafe.smt2
unsat

real	0m0.016s
user	0m0.012s
sys	0m0.003s

$ z3 05-swap-dec/swap-dec-1-base-safe.smt2
sat

real	0m0.045s
user	0m0.040s
sys	0m0.004s

$ z3 05-swap-dec/swap-dec-1-base-unsafe.smt2
unsat

real	0m0.103s
user	0m0.097s
sys	0m0.004s

$ z3 05-swap-dec/swap-dec-2-base3-safe.smt2
sat

real	0m0.130s
user	0m0.122s
sys	0m0.005s

$ z3 05-swap-dec/swap-dec-2-base3-unsafe.smt2
unsat

real	0m0.366s
user	0m0.355s
sys	0m0.007s

$ z3 05-swap-dec/swap-dec-3-exact-safe.smt2
sat

real	0m0.124s
user	0m0.117s
sys	0m0.005s

$ z3 05-swap-dec/swap-dec-3-exact-unsafe.smt2
unsat

real	0m0.020s
user	0m0.015s
sys	0m0.003s

$ z3 05-swap-dec/swap-dec-4-exact3-safe.smt2
timeout

real	0m3.010s
user	0m2.975s
sys	0m0.027s

$ z3 05-swap-dec/swap-dec-4-exact3-unsafe.smt2
unsat

real	0m0.051s
user	0m0.045s
sys	0m0.004s

$ z3 06-swap2-dec/swap2-dec-1-base-safe.smt2
sat

real	0m0.383s
user	0m0.373s
sys	0m0.007s

$ z3 06-swap2-dec/swap2-dec-1-base-unsafe.smt2
unsat

real	0m0.969s
user	0m0.952s
sys	0m0.012s

$ z3 06-swap2-dec/swap2-dec-2-base3-safe.smt2
sat

real	0m1.481s
user	0m1.465s
sys	0m0.014s

$ z3 06-swap2-dec/swap2-dec-2-base3-unsafe.smt2
timeout

real	0m3.007s
user	0m2.980s
sys	0m0.023s

$ z3 06-swap2-dec/swap2-dec-3-exact-safe.smt2
sat

real	0m0.770s
user	0m0.755s
sys	0m0.010s

$ z3 06-swap2-dec/swap2-dec-3-exact-unsafe.smt2
unsat

real	0m0.029s
user	0m0.022s
sys	0m0.005s

$ z3 06-swap2-dec/swap2-dec-4-exact3-safe.smt2
timeout

real	0m3.010s
user	0m2.983s
sys	0m0.023s

$ z3 06-swap2-dec/swap2-dec-4-exact3-unsafe.smt2
unsat

real	0m0.029s
user	0m0.022s
sys	0m0.004s

$ z3 07-just-rec/just-rec-1-base-safe.smt2
sat

real	0m0.018s
user	0m0.013s
sys	0m0.003s

$ z3 07-just-rec/just-rec-1-base-unsafe.smt2
unsat

real	0m0.014s
user	0m0.009s
sys	0m0.003s

$ z3 08-linger-dec/linger-dec-1-basic-safe.smt2
sat

real	0m0.019s
user	0m0.013s
sys	0m0.003s

$ z3 08-linger-dec/linger-dec-1-basic-unsafe.smt2
unsat

real	0m0.016s
user	0m0.010s
sys	0m0.004s

$ z3 08-linger-dec/linger-dec-2-basic3-safe.smt2
sat

real	0m0.025s
user	0m0.019s
sys	0m0.004s

$ z3 08-linger-dec/linger-dec-2-basic3-unsafe.smt2
unsat

real	0m0.020s
user	0m0.013s
sys	0m0.004s

$ z3 08-linger-dec/linger-dec-3-exact-safe.smt2
sat

real	0m0.024s
user	0m0.018s
sys	0m0.004s

$ z3 08-linger-dec/linger-dec-3-exact-unsafe.smt2
unsat

real	0m0.017s
user	0m0.011s
sys	0m0.003s

$ z3 08-linger-dec/linger-dec-4-exact3-safe.smt2
sat

real	0m0.033s
user	0m0.027s
sys	0m0.005s

$ z3 08-linger-dec/linger-dec-4-exact3-unsafe.smt2
unsat

real	0m0.019s
user	0m0.014s
sys	0m0.004s

$ z3 09-lists/lists-1-append-safe.smt2
unsat

real	0m0.041s
user	0m0.035s
sys	0m0.004s

$ z3 09-lists/lists-1-append-unsafe.smt2
unsat

real	0m0.018s
user	0m0.012s
sys	0m0.004s

$ z3 09-lists/lists-2-inc-all-safe.smt2
unsat

real	0m0.053s
user	0m0.046s
sys	0m0.005s

$ z3 09-lists/lists-2-inc-all-unsafe.smt2
unsat

real	0m0.019s
user	0m0.012s
sys	0m0.004s

$ z3 09-lists/lists-3-inc-some-safe.smt2
unsat

real	0m0.192s
user	0m0.182s
sys	0m0.007s

$ z3 09-lists/lists-3-inc-some-unsafe.smt2
unsat

real	0m0.034s
user	0m0.028s
sys	0m0.004s

$ z3 09-lists/lists-4-inc-some2-safe.smt2
unsat

real	0m0.241s
user	0m0.231s
sys	0m0.008s

$ z3 09-lists/lists-4-inc-some2-unsafe.smt2
unsat

real	0m0.050s
user	0m0.044s
sys	0m0.004s

$ z3 10-trees/trees-1-append-safe.smt2
unsat

real	0m0.050s
user	0m0.044s
sys	0m0.004s

$ z3 10-trees/trees-1-append-unsafe.smt2
unsat

real	0m0.016s
user	0m0.011s
sys	0m0.003s

$ z3 10-trees/trees-2-inc-all-safe.smt2
unsat

real	0m0.052s
user	0m0.044s
sys	0m0.005s

$ z3 10-trees/trees-2-inc-all-unsafe.smt2
unsat

real	0m0.017s
user	0m0.012s
sys	0m0.004s

$ z3 10-trees/trees-3-inc-some-safe.smt2
unknown

real	0m2.556s
user	0m2.524s
sys	0m0.027s

$ z3 10-trees/trees-3-inc-some-unsafe.smt2
unsat

real	0m0.052s
user	0m0.045s
sys	0m0.005s

$ z3 10-trees/trees-4-inc-some2-safe.smt2
unknown

real	0m0.438s
user	0m0.424s
sys	0m0.011s

$ z3 10-trees/trees-4-inc-some2-unsafe.smt2
unsat

real	0m0.106s
user	0m0.098s
sys	0m0.005s

