$ hoice 1-simple/01_unsat.smt2
sat

$ hoice 1-simple/04_recursive_unsat.smt2
timeout

$ hoice 1-simple/05_recursive_sat.smt2
unsat

$ hoice 1-simple/06_loop_unsat.smt2
sat

$ hoice 1-simple/hhk2008.smt2
sat

$ hoice 1-simple/unique_scalar.smt2
unsat

$ hoice 2-bmc/test-bmc-1-false.smt2
unsat

$ hoice 2-bmc/test-bmc-1-true.smt2
sat

$ hoice 2-bmc/test-bmc-2-false.smt2
unsat

$ hoice 2-bmc/test-bmc-2-true.smt2
sat

$ hoice 2-bmc/test-bmc-3-false.smt2
unsat

$ hoice 2-bmc/test-bmc-3-true.smt2
sat

$ hoice 2-bmc/test-bmc-diamond-1-false.smt2
unsat

$ hoice 2-bmc/test-bmc-diamond-1-true.smt2
sat

$ hoice 2-bmc/test-bmc-diamond-2-false.smt2
unsat

$ hoice 2-bmc/test-bmc-diamond-2-true.smt2
sat

$ hoice 3-inc-max/inc-max-1-base-safe.smt2
sat

$ hoice 3-inc-max/inc-max-1-base-unsafe.smt2
unsat

$ hoice 3-inc-max/inc-max-2-base3-safe.smt2
sat

$ hoice 3-inc-max/inc-max-2-base3-unsafe.smt2
unsat

$ hoice 3-inc-max/inc-max-3-repeat-safe.smt2
timeout

$ hoice 3-inc-max/inc-max-3-repeat-unsafe.smt2
unsat

$ hoice 3-inc-max/inc-max-4-repeat3-safe.smt2
timeout

$ hoice 3-inc-max/inc-max-4-repeat3-unsafe.smt2
timeout

$ hoice 4-swap-dec/swap-dec-1-base-safe.smt2
sat

$ hoice 4-swap-dec/swap-dec-1-base-unsafe.smt2
timeout

$ hoice 4-swap-dec/swap-dec-2-base3-safe.smt2
timeout

$ hoice 4-swap-dec/swap-dec-2-base3-unsafe.smt2
unsat

$ hoice 4-swap-dec/swap-dec-3-exact-safe.smt2
sat

$ hoice 4-swap-dec/swap-dec-3-exact-unsafe.smt2
timeout

$ hoice 4-swap-dec/swap-dec-4-exact3-safe.smt2
timeout

$ hoice 4-swap-dec/swap-dec-4-exact3-unsafe.smt2
unsat

$ hoice 5-swap2-dec/swap2-dec-1-base-safe.smt2
sat

$ hoice 5-swap2-dec/swap2-dec-1-base-unsafe.smt2
timeout

$ hoice 5-swap2-dec/swap2-dec-2-base3-safe.smt2
timeout

$ hoice 5-swap2-dec/swap2-dec-2-base3-unsafe.smt2
timeout

$ hoice 5-swap2-dec/swap2-dec-3-exact-safe.smt2
sat

$ hoice 5-swap2-dec/swap2-dec-3-exact-unsafe.smt2
timeout

$ hoice 5-swap2-dec/swap2-dec-4-exact3-safe.smt2
timeout

$ hoice 5-swap2-dec/swap2-dec-4-exact3-unsafe.smt2
unsat

$ hoice 6-just-rec/just-rec-1-base-safe.smt2
sat

$ hoice 6-just-rec/just-rec-1-base-unsafe.smt2
unsat

$ hoice 7-linger-dec/linger-dec-1-basic-safe.smt2
sat

$ hoice 7-linger-dec/linger-dec-1-basic-unsafe.smt2
unsat

$ hoice 7-linger-dec/linger-dec-2-basic3-safe.smt2
sat

$ hoice 7-linger-dec/linger-dec-2-basic3-unsafe.smt2
unsat

$ hoice 7-linger-dec/linger-dec-3-exact-safe.smt2
sat

$ hoice 7-linger-dec/linger-dec-3-exact-unsafe.smt2
unsat

$ hoice 7-linger-dec/linger-dec-4-exact3-safe.smt2
sat

$ hoice 7-linger-dec/linger-dec-4-exact3-unsafe.smt2
timeout

$ hoice 8-lists/lists-1-append-safe.smt2
sat

$ hoice 8-lists/lists-1-append-unsafe.smt2
unsat

$ hoice 8-lists/lists-2-inc-all-safe.smt2
sat

$ hoice 8-lists/lists-2-inc-all-unsafe.smt2
unsat

$ hoice 8-lists/lists-3-inc-some-safe.smt2
sat

$ hoice 8-lists/lists-3-inc-some-unsafe.smt2
unsat

$ hoice 8-lists/lists-4-inc-some2-safe.smt2
timeout

$ hoice 8-lists/lists-4-inc-some2-unsafe.smt2
unsat

$ hoice 9-trees/trees-1-append-safe.smt2
sat

$ hoice 9-trees/trees-1-append-unsafe.smt2
unsat

$ hoice 9-trees/trees-2-inc-all-safe.smt2
timeout

$ hoice 9-trees/trees-2-inc-all-unsafe.smt2
unsat

$ hoice 9-trees/trees-3-inc-some-safe.smt2
sat

$ hoice 9-trees/trees-3-inc-some-unsafe.smt2
unsat

$ hoice 9-trees/trees-4-inc-some2-safe.smt2
(error "
  parse error: expected `(` on `sat`
")

$ hoice 9-trees/trees-4-inc-some2-unsafe.smt2
unsat

