$ z3 01-simple/simple-1-01_unsat.smt2
sat

real	0m0.018s
user	0m0.013s
sys	0m0.003s

$ z3 01-simple/simple-2-04_recursive_unsat.smt2
sat

real	0m0.452s
user	0m0.442s
sys	0m0.007s

$ z3 01-simple/simple-3-05_recursive_sat.smt2
unsat

real	0m0.014s
user	0m0.009s
sys	0m0.003s

$ z3 01-simple/simple-4-06_loop_unsat.smt2
timeout

real	3m0.015s
user	2m59.670s
sys	0m0.294s

$ z3 01-simple/simple-5-hhk2008.smt2
timeout

real	3m0.013s
user	2m59.725s
sys	0m0.244s

$ z3 01-simple/simple-6-unique_scalar.smt2
unsat

real	0m0.012s
user	0m0.008s
sys	0m0.003s

$ z3 02-bmc/bmc-1-test-bmc-1-safe.smt2
sat

real	0m0.220s
user	0m0.203s
sys	0m0.015s

$ z3 02-bmc/bmc-1-test-bmc-1-unsafe.smt2
unsat

real	0m0.200s
user	0m0.187s
sys	0m0.010s

$ z3 02-bmc/bmc-2-test-bmc-2-safe.smt2
timeout

real	3m0.023s
user	2m58.482s
sys	0m1.500s

$ z3 02-bmc/bmc-2-test-bmc-2-unsafe.smt2
unsat

real	0m0.028s
user	0m0.023s
sys	0m0.003s

$ z3 02-bmc/bmc-3-test-bmc-3-safe.smt2
sat

real	0m0.058s
user	0m0.050s
sys	0m0.005s

$ z3 02-bmc/bmc-3-test-bmc-3-unsafe.smt2
unsat

real	0m0.049s
user	0m0.043s
sys	0m0.004s

$ z3 02-bmc/bmc-4-test-bmc-diamond-1-safe.smt2
sat

real	0m0.062s
user	0m0.055s
sys	0m0.005s

$ z3 02-bmc/bmc-4-test-bmc-diamond-1-unsafe.smt2
unsat

real	0m0.049s
user	0m0.042s
sys	0m0.005s

$ z3 02-bmc/bmc-5-test-bmc-diamond-2-safe.smt2
sat

real	0m0.202s
user	0m0.191s
sys	0m0.009s

$ z3 02-bmc/bmc-5-test-bmc-diamond-2-unsafe.smt2
unsat

real	0m0.057s
user	0m0.049s
sys	0m0.005s

$ z3 03-prusti/prusti-1-pass-rosetta-Ackermann_function-base.smt2
sat

real	0m0.019s
user	0m0.014s
sys	0m0.004s

$ z3 03-prusti/prusti-2-pass-rosetta-Ackermann_function-same.smt2
timeout

real	3m0.037s
user	2m56.792s
sys	0m3.190s

$ z3 03-prusti/prusti-3-pass-paper_examples-points-compress.smt2
sat

real	0m0.011s
user	0m0.007s
sys	0m0.002s

$ z3 03-prusti/prusti-4-pass-paper_examples-borrows_align.smt2
sat

real	0m0.008s
user	0m0.005s
sys	0m0.002s

$ z3 03-prusti/prusti-5-pass-demos-account.smt2
sat

real	0m0.011s
user	0m0.007s
sys	0m0.002s

$ z3 03-prusti/prusti-6-fail-demos-account_error_1.smt2
unsat

real	0m0.011s
user	0m0.007s
sys	0m0.002s

$ z3 03-prusti/prusti-7-pass-mut_borrows-restore.smt2
sat

real	0m0.011s
user	0m0.007s
sys	0m0.002s

$ z3 04-inc-max/inc-max-1-base-safe.smt2
sat

real	0m0.010s
user	0m0.005s
sys	0m0.003s

$ z3 04-inc-max/inc-max-1-base-unsafe.smt2
unsat

real	0m0.010s
user	0m0.006s
sys	0m0.003s

$ z3 04-inc-max/inc-max-2-base3-safe.smt2
sat

real	0m0.031s
user	0m0.026s
sys	0m0.003s

$ z3 04-inc-max/inc-max-2-base3-unsafe.smt2
unsat

real	0m0.022s
user	0m0.015s
sys	0m0.005s

$ z3 04-inc-max/inc-max-3-repeat-safe.smt2
sat

real	0m0.092s
user	0m0.087s
sys	0m0.004s

$ z3 04-inc-max/inc-max-3-repeat-unsafe.smt2
unsat

real	0m0.015s
user	0m0.011s
sys	0m0.003s

$ z3 04-inc-max/inc-max-4-repeat3-safe.smt2
sat

real	0m0.222s
user	0m0.212s
sys	0m0.008s

$ z3 04-inc-max/inc-max-4-repeat3-unsafe.smt2
unsat

real	0m0.017s
user	0m0.012s
sys	0m0.003s

$ z3 05-swap-dec/swap-dec-1-base-safe.smt2
sat

real	0m0.050s
user	0m0.045s
sys	0m0.004s

$ z3 05-swap-dec/swap-dec-1-base-unsafe.smt2
unsat

real	0m0.110s
user	0m0.103s
sys	0m0.005s

$ z3 05-swap-dec/swap-dec-2-base3-safe.smt2
sat

real	0m0.144s
user	0m0.137s
sys	0m0.005s

$ z3 05-swap-dec/swap-dec-2-base3-unsafe.smt2
unsat

real	0m0.405s
user	0m0.393s
sys	0m0.009s

$ z3 05-swap-dec/swap-dec-3-exact-safe.smt2
sat

real	0m0.137s
user	0m0.131s
sys	0m0.004s

$ z3 05-swap-dec/swap-dec-3-exact-unsafe.smt2
unsat

real	0m0.020s
user	0m0.015s
sys	0m0.003s

$ z3 05-swap-dec/swap-dec-4-exact3-safe.smt2
timeout

real	3m0.037s
user	2m59.526s
sys	0m0.430s

$ z3 05-swap-dec/swap-dec-4-exact3-unsafe.smt2
unsat

real	0m0.061s
user	0m0.055s
sys	0m0.004s

$ z3 06-swap2-dec/swap2-dec-1-base-safe.smt2
sat

real	0m0.445s
user	0m0.435s
sys	0m0.008s

$ z3 06-swap2-dec/swap2-dec-1-base-unsafe.smt2
unsat

real	0m1.199s
user	0m1.182s
sys	0m0.015s

$ z3 06-swap2-dec/swap2-dec-2-base3-safe.smt2
sat

real	0m1.790s
user	0m1.771s
sys	0m0.015s

$ z3 06-swap2-dec/swap2-dec-2-base3-unsafe.smt2
unsat

real	1m7.032s
user	1m6.718s
sys	0m0.294s

$ z3 06-swap2-dec/swap2-dec-3-exact-safe.smt2
sat

real	0m0.961s
user	0m0.944s
sys	0m0.014s

$ z3 06-swap2-dec/swap2-dec-3-exact-unsafe.smt2
unsat

real	0m0.034s
user	0m0.026s
sys	0m0.006s

$ z3 06-swap2-dec/swap2-dec-4-exact3-safe.smt2
timeout

real	3m0.032s
user	2m59.237s
sys	0m0.680s

$ z3 06-swap2-dec/swap2-dec-4-exact3-unsafe.smt2
unsat

real	0m0.031s
user	0m0.023s
sys	0m0.006s

$ z3 07-just-rec/just-rec-1-base-safe.smt2
sat

real	0m0.020s
user	0m0.013s
sys	0m0.005s

$ z3 07-just-rec/just-rec-1-base-unsafe.smt2
unsat

real	0m0.016s
user	0m0.010s
sys	0m0.005s

$ z3 08-linger-dec/linger-dec-1-basic-safe.smt2
sat

real	0m0.018s
user	0m0.013s
sys	0m0.003s

$ z3 08-linger-dec/linger-dec-1-basic-unsafe.smt2
unsat

real	0m0.014s
user	0m0.010s
sys	0m0.003s

$ z3 08-linger-dec/linger-dec-2-basic3-safe.smt2
sat

real	0m0.024s
user	0m0.019s
sys	0m0.003s

$ z3 08-linger-dec/linger-dec-2-basic3-unsafe.smt2
unsat

real	0m0.018s
user	0m0.013s
sys	0m0.003s

$ z3 08-linger-dec/linger-dec-3-exact-safe.smt2
sat

real	0m0.023s
user	0m0.018s
sys	0m0.003s

$ z3 08-linger-dec/linger-dec-3-exact-unsafe.smt2
unsat

real	0m0.016s
user	0m0.011s
sys	0m0.003s

$ z3 08-linger-dec/linger-dec-4-exact3-safe.smt2
sat

real	0m0.035s
user	0m0.029s
sys	0m0.004s

$ z3 08-linger-dec/linger-dec-4-exact3-unsafe.smt2
unsat

real	0m0.022s
user	0m0.015s
sys	0m0.005s

$ z3 09-lists/lists-1-append-safe.smt2
unsat

real	0m0.040s
user	0m0.034s
sys	0m0.004s

$ z3 09-lists/lists-1-append-unsafe.smt2
unsat

real	0m0.016s
user	0m0.012s
sys	0m0.003s

$ z3 09-lists/lists-2-inc-all-safe.smt2
unsat

real	0m0.055s
user	0m0.048s
sys	0m0.005s

$ z3 09-lists/lists-2-inc-all-unsafe.smt2
unsat

real	0m0.019s
user	0m0.013s
sys	0m0.004s

$ z3 09-lists/lists-3-inc-some-safe.smt2
unsat

real	0m0.231s
user	0m0.221s
sys	0m0.007s

$ z3 09-lists/lists-3-inc-some-unsafe.smt2
unsat

real	0m0.039s
user	0m0.030s
sys	0m0.006s

$ z3 09-lists/lists-4-inc-some2-safe.smt2
unsat

real	0m0.292s
user	0m0.281s
sys	0m0.009s

$ z3 09-lists/lists-4-inc-some2-unsafe.smt2
unsat

real	0m0.060s
user	0m0.052s
sys	0m0.006s

$ z3 10-trees/trees-1-append-safe.smt2
unsat

real	0m0.057s
user	0m0.050s
sys	0m0.005s

$ z3 10-trees/trees-1-append-unsafe.smt2
unsat

real	0m0.018s
user	0m0.013s
sys	0m0.003s

$ z3 10-trees/trees-2-inc-all-safe.smt2
unsat

real	0m0.056s
user	0m0.049s
sys	0m0.005s

$ z3 10-trees/trees-2-inc-all-unsafe.smt2
unsat

real	0m0.020s
user	0m0.013s
sys	0m0.005s

$ z3 10-trees/trees-3-inc-some-safe.smt2
unknown

real	0m3.154s
user	0m3.118s
sys	0m0.031s

$ z3 10-trees/trees-3-inc-some-unsafe.smt2
unsat

real	0m0.050s
user	0m0.043s
sys	0m0.006s

$ z3 10-trees/trees-4-inc-some2-safe.smt2
unknown

real	0m0.528s
user	0m0.517s
sys	0m0.009s

$ z3 10-trees/trees-4-inc-some2-unsafe.smt2
unsat

real	0m0.124s
user	0m0.116s
sys	0m0.006s

