$ z3 01-simple/01_unsat.smt2
sat

real	0m0.022s
user	0m0.017s
sys	0m0.003s

$ z3 01-simple/04_recursive_unsat.smt2
sat

real	0m0.452s
user	0m0.443s
sys	0m0.007s

$ z3 01-simple/05_recursive_sat.smt2
unsat

real	0m0.016s
user	0m0.010s
sys	0m0.003s

$ z3 01-simple/06_loop_unsat.smt2
timeout

real	3m0.010s
user	2m59.693s
sys	0m0.283s

$ z3 01-simple/hhk2008.smt2
timeout

real	3m0.017s
user	2m59.767s
sys	0m0.236s

$ z3 01-simple/unique_scalar.smt2
unsat

real	0m0.013s
user	0m0.008s
sys	0m0.003s

$ z3 02-bmc/test-bmc-1-false.smt2
unsat

real	0m0.190s
user	0m0.178s
sys	0m0.010s

$ z3 02-bmc/test-bmc-1-true.smt2
sat

real	0m0.200s
user	0m0.185s
sys	0m0.013s

$ z3 02-bmc/test-bmc-2-false.smt2
unsat

real	0m0.029s
user	0m0.021s
sys	0m0.005s

$ z3 02-bmc/test-bmc-2-true.smt2
timeout

real	3m0.017s
user	2m58.402s
sys	0m1.588s

$ z3 02-bmc/test-bmc-3-false.smt2
unsat

real	0m0.059s
user	0m0.049s
sys	0m0.008s

$ z3 02-bmc/test-bmc-3-true.smt2
sat

real	0m0.064s
user	0m0.056s
sys	0m0.006s

$ z3 02-bmc/test-bmc-diamond-1-false.smt2
unsat

real	0m0.057s
user	0m0.047s
sys	0m0.008s

$ z3 02-bmc/test-bmc-diamond-1-true.smt2
sat

real	0m0.068s
user	0m0.060s
sys	0m0.006s

$ z3 02-bmc/test-bmc-diamond-2-false.smt2
unsat

real	0m0.060s
user	0m0.053s
sys	0m0.006s

$ z3 02-bmc/test-bmc-diamond-2-true.smt2
sat

real	0m0.222s
user	0m0.209s
sys	0m0.011s

$ z3 03-prusti/prusti-1-pass-rosetta-Ackermann_function-base.smt2
sat

real	0m0.020s
user	0m0.015s
sys	0m0.003s

$ z3 03-prusti/prusti-2-pass-rosetta-Ackermann_function-same.smt2
timeout

real	3m0.026s
user	2m56.827s
sys	0m3.121s

$ z3 03-prusti/prusti-3-pass-paper_examples-points-compress.smt2
sat

real	0m0.014s
user	0m0.009s
sys	0m0.003s

$ z3 03-prusti/prusti-4-pass-paper_examples-borrows_align.smt2
sat

real	0m0.010s
user	0m0.006s
sys	0m0.002s

$ z3 03-prusti/prusti-5-pass-demos-account.smt2
sat

real	0m0.014s
user	0m0.009s
sys	0m0.003s

$ z3 03-prusti/prusti-6-fail-demos-account_error_1.smt2
unsat

real	0m0.014s
user	0m0.009s
sys	0m0.003s

$ z3 04-inc-max/inc-max-1-base-safe.smt2
sat

real	0m0.011s
user	0m0.007s
sys	0m0.002s

$ z3 04-inc-max/inc-max-1-base-unsafe.smt2
unsat

real	0m0.012s
user	0m0.008s
sys	0m0.003s

$ z3 04-inc-max/inc-max-2-base3-safe.smt2
sat

real	0m0.037s
user	0m0.032s
sys	0m0.004s

$ z3 04-inc-max/inc-max-2-base3-unsafe.smt2
unsat

real	0m0.024s
user	0m0.019s
sys	0m0.003s

$ z3 04-inc-max/inc-max-3-repeat-safe.smt2
sat

real	0m0.100s
user	0m0.094s
sys	0m0.004s

$ z3 04-inc-max/inc-max-3-repeat-unsafe.smt2
unsat

real	0m0.017s
user	0m0.012s
sys	0m0.003s

$ z3 04-inc-max/inc-max-4-repeat3-safe.smt2
sat

real	0m0.246s
user	0m0.237s
sys	0m0.007s

$ z3 04-inc-max/inc-max-4-repeat3-unsafe.smt2
unsat

real	0m0.022s
user	0m0.016s
sys	0m0.004s

$ z3 05-swap-dec/swap-dec-1-base-safe.smt2
sat

real	0m0.058s
user	0m0.051s
sys	0m0.004s

$ z3 05-swap-dec/swap-dec-1-base-unsafe.smt2
unsat

real	0m0.130s
user	0m0.120s
sys	0m0.007s

$ z3 05-swap-dec/swap-dec-2-base3-safe.smt2
sat

real	0m0.169s
user	0m0.160s
sys	0m0.006s

$ z3 05-swap-dec/swap-dec-2-base3-unsafe.smt2
unsat

real	0m0.439s
user	0m0.426s
sys	0m0.010s

$ z3 05-swap-dec/swap-dec-3-exact-safe.smt2
sat

real	0m0.166s
user	0m0.158s
sys	0m0.006s

$ z3 05-swap-dec/swap-dec-3-exact-unsafe.smt2
unsat

real	0m0.027s
user	0m0.019s
sys	0m0.006s

$ z3 05-swap-dec/swap-dec-4-exact3-safe.smt2
sat

real	0m30.210s
user	0m30.051s
sys	0m0.149s

$ z3 05-swap-dec/swap-dec-4-exact3-unsafe.smt2
unsat

real	0m0.024s
user	0m0.018s
sys	0m0.004s

$ z3 06-swap2-dec/swap2-dec-1-base-safe.smt2
sat

real	0m0.431s
user	0m0.421s
sys	0m0.008s

$ z3 06-swap2-dec/swap2-dec-1-base-unsafe.smt2
unsat

real	0m1.105s
user	0m1.089s
sys	0m0.015s

$ z3 06-swap2-dec/swap2-dec-2-base3-safe.smt2
sat

real	0m1.745s
user	0m1.715s
sys	0m0.021s

$ z3 06-swap2-dec/swap2-dec-2-base3-unsafe.smt2
unsat

real	0m5.655s
user	0m5.610s
sys	0m0.039s

$ z3 06-swap2-dec/swap2-dec-3-exact-safe.smt2
sat

real	0m1.211s
user	0m1.192s
sys	0m0.016s

$ z3 06-swap2-dec/swap2-dec-3-exact-unsafe.smt2
unsat

real	0m0.031s
user	0m0.024s
sys	0m0.005s

$ z3 06-swap2-dec/swap2-dec-4-exact3-safe.smt2
sat

real	0m21.114s
user	0m20.988s
sys	0m0.114s

$ z3 06-swap2-dec/swap2-dec-4-exact3-unsafe.smt2
unsat

real	0m0.041s
user	0m0.033s
sys	0m0.006s

$ z3 07-just-rec/just-rec-1-base-safe.smt2
sat

real	0m0.019s
user	0m0.014s
sys	0m0.003s

$ z3 07-just-rec/just-rec-1-base-unsafe.smt2
unsat

real	0m0.014s
user	0m0.009s
sys	0m0.003s

$ z3 08-linger-dec/linger-dec-1-basic-safe.smt2
sat

real	0m0.017s
user	0m0.012s
sys	0m0.003s

$ z3 08-linger-dec/linger-dec-1-basic-unsafe.smt2
unsat

real	0m0.013s
user	0m0.009s
sys	0m0.003s

$ z3 08-linger-dec/linger-dec-2-basic3-safe.smt2
sat

real	0m0.022s
user	0m0.017s
sys	0m0.003s

$ z3 08-linger-dec/linger-dec-2-basic3-unsafe.smt2
unsat

real	0m0.017s
user	0m0.012s
sys	0m0.003s

$ z3 08-linger-dec/linger-dec-3-exact-safe.smt2
sat

real	0m0.022s
user	0m0.017s
sys	0m0.003s

$ z3 08-linger-dec/linger-dec-3-exact-unsafe.smt2
unsat

real	0m0.016s
user	0m0.011s
sys	0m0.003s

$ z3 08-linger-dec/linger-dec-4-exact3-safe.smt2
sat

real	0m0.030s
user	0m0.025s
sys	0m0.003s

$ z3 08-linger-dec/linger-dec-4-exact3-unsafe.smt2
unsat

real	0m0.018s
user	0m0.013s
sys	0m0.003s

$ z3 09-lists/lists-1-append-safe.smt2
unsat

real	0m0.038s
user	0m0.033s
sys	0m0.003s

$ z3 09-lists/lists-1-append-unsafe.smt2
unsat

real	0m0.016s
user	0m0.011s
sys	0m0.003s

$ z3 09-lists/lists-2-inc-all-safe.smt2
unsat

real	0m0.053s
user	0m0.047s
sys	0m0.004s

$ z3 09-lists/lists-2-inc-all-unsafe.smt2
unsat

real	0m0.017s
user	0m0.012s
sys	0m0.003s

$ z3 09-lists/lists-3-inc-some-safe.smt2
unsat

real	0m0.214s
user	0m0.204s
sys	0m0.007s

$ z3 09-lists/lists-3-inc-some-unsafe.smt2
unsat

real	0m0.035s
user	0m0.029s
sys	0m0.004s

$ z3 09-lists/lists-4-inc-some2-safe.smt2
unsat

real	0m0.269s
user	0m0.259s
sys	0m0.007s

$ z3 09-lists/lists-4-inc-some2-unsafe.smt2
unsat

real	0m0.055s
user	0m0.049s
sys	0m0.004s

$ z3 10-trees/trees-1-append-safe.smt2
unsat

real	0m0.051s
user	0m0.045s
sys	0m0.004s

$ z3 10-trees/trees-1-append-unsafe.smt2
unsat

real	0m0.018s
user	0m0.012s
sys	0m0.004s

$ z3 10-trees/trees-2-inc-all-safe.smt2
unsat

real	0m0.048s
user	0m0.042s
sys	0m0.005s

$ z3 10-trees/trees-2-inc-all-unsafe.smt2
unsat

real	0m0.017s
user	0m0.012s
sys	0m0.003s

$ z3 10-trees/trees-3-inc-some-safe.smt2
unknown

real	0m2.916s
user	0m2.875s
sys	0m0.033s

$ z3 10-trees/trees-3-inc-some-unsafe.smt2
unsat

real	0m0.047s
user	0m0.040s
sys	0m0.005s

$ z3 10-trees/trees-4-inc-some2-safe.smt2
unknown

real	0m0.483s
user	0m0.472s
sys	0m0.009s

$ z3 10-trees/trees-4-inc-some2-unsafe.smt2
unsat

real	0m0.107s
user	0m0.100s
sys	0m0.005s

